{
  "version": "1.5.0",
  "plugins_used": [
    {
      "name": "ArtifactoryDetector"
    },
    {
      "name": "AWSKeyDetector"
    },
    {
      "name": "AzureStorageKeyDetector"
    },
    {
      "name": "Base64HighEntropyString",
      "limit": 4.5
    },
    {
      "name": "BasicAuthDetector"
    },
    {
      "name": "CloudantDetector"
    },
    {
      "name": "DiscordBotTokenDetector"
    },
    {
      "name": "GitHubTokenDetector"
    },
    {
      "name": "GitLabTokenDetector"
    },
    {
      "name": "HexHighEntropyString",
      "limit": 3.0
    },
    {
      "name": "IbmCloudIamDetector"
    },
    {
      "name": "IbmCosHmacDetector"
    },
    {
      "name": "IPPublicDetector"
    },
    {
      "name": "JwtTokenDetector"
    },
    {
      "name": "KeywordDetector",
      "keyword_exclude": ""
    },
    {
      "name": "MailchimpDetector"
    },
    {
      "name": "NpmDetector"
    },
    {
      "name": "OpenAIDetector"
    },
    {
      "name": "PrivateKeyDetector"
    },
    {
      "name": "PypiTokenDetector"
    },
    {
      "name": "SendGridDetector"
    },
    {
      "name": "SlackDetector"
    },
    {
      "name": "SoftlayerDetector"
    },
    {
      "name": "SquareOAuthDetector"
    },
    {
      "name": "StripeDetector"
    },
    {
      "name": "TelegramBotTokenDetector"
    },
    {
      "name": "TwilioKeyDetector"
    }
  ],
  "filters_used": [
    {
      "path": "detect_secrets.filters.allowlist.is_line_allowlisted"
    },
    {
      "path": "detect_secrets.filters.common.is_baseline_file",
      "filename": ".secrets.baseline"
    },
    {
      "path": "detect_secrets.filters.common.is_ignored_due_to_verification_policies",
      "min_level": 2
    },
    {
      "path": "detect_secrets.filters.heuristic.is_indirect_reference"
    },
    {
      "path": "detect_secrets.filters.heuristic.is_likely_id_string"
    },
    {
      "path": "detect_secrets.filters.heuristic.is_lock_file"
    },
    {
      "path": "detect_secrets.filters.heuristic.is_not_alphanumeric_string"
    },
    {
      "path": "detect_secrets.filters.heuristic.is_potential_uuid"
    },
    {
      "path": "detect_secrets.filters.heuristic.is_prefixed_with_dollar_sign"
    },
    {
      "path": "detect_secrets.filters.heuristic.is_sequential_string"
    },
    {
      "path": "detect_secrets.filters.heuristic.is_swagger_file"
    },
    {
      "path": "detect_secrets.filters.heuristic.is_templated_secret"
    }
  ],
  "results": {
    "autogen/agentchat/contrib/vectordb/pgvectordb.py": [
      {
        "type": "Basic Auth Credentials",
        "filename": "autogen/agentchat/contrib/vectordb/pgvectordb.py",
        "hashed_secret": "5baa61e4c9b93f3f0682250b6cf8331b7ee68fd8",
        "is_verified": false,
        "line_number": 579,
        "is_secret": false
      }
    ],
    "autogen/oai/openai_utils.py": [
      {
        "type": "Secret Keyword",
        "filename": "autogen/oai/openai_utils.py",
        "hashed_secret": "aa5bc2e0df7182f74186f26d6e9063b9d57603ec",
        "is_verified": false,
        "line_number": 378,
        "is_secret": false
      },
      {
        "type": "Secret Keyword",
        "filename": "autogen/oai/openai_utils.py",
        "hashed_secret": "cbb43d092552e9af4b21efc76bc8c49c071c1d81",
        "is_verified": false,
        "line_number": 379,
        "is_secret": false
      },
      {
        "type": "Secret Keyword",
        "filename": "autogen/oai/openai_utils.py",
        "hashed_secret": "79d8b9da0f827f788759bdbe5b9254a02c74d877",
        "is_verified": false,
        "line_number": 602,
        "is_secret": false
      }
    ],
    "notebook/agentchat_RetrieveChat_pgvector.ipynb": [
      {
        "type": "Basic Auth Credentials",
        "filename": "notebook/agentchat_RetrieveChat_pgvector.ipynb",
        "hashed_secret": "afc848c316af1a89d49826c5ae9d00ed769415f3",
        "is_verified": false,
        "line_number": 168,
        "is_secret": false
      }
    ],
    "notebook/agentchat_agentops.ipynb": [
      {
        "type": "Hex High Entropy String",
        "filename": "notebook/agentchat_agentops.ipynb",
        "hashed_secret": "64dc16a9e2d01e60de91c33fe4bfe77495775a8e",
        "is_verified": false,
        "line_number": 5,
        "is_secret": false
      },
      {
        "type": "Hex High Entropy String",
        "filename": "notebook/agentchat_agentops.ipynb",
        "hashed_secret": "1a72656902f44d3bd63810ad47600bc970d41708",
        "is_verified": false,
        "line_number": 37,
        "is_secret": false
      },
      {
        "type": "Hex High Entropy String",
        "filename": "notebook/agentchat_agentops.ipynb",
        "hashed_secret": "66490789ea56b20a95065422e5b186d5d3569db8",
        "is_verified": false,
        "line_number": 66,
        "is_secret": false
      },
      {
        "type": "Hex High Entropy String",
        "filename": "notebook/agentchat_agentops.ipynb",
        "hashed_secret": "37dd15eb3b444071ebf287d4bef58847f8d06802",
        "is_verified": false,
        "line_number": 79,
        "is_secret": false
      },
      {
        "type": "Hex High Entropy String",
        "filename": "notebook/agentchat_agentops.ipynb",
        "hashed_secret": "99c1f6b26fdcdd0ac1569ecf4fd6cac9bb6a0141",
        "is_verified": false,
        "line_number": 92,
        "is_secret": false
      },
      {
        "type": "Hex High Entropy String",
        "filename": "notebook/agentchat_agentops.ipynb",
        "hashed_secret": "d9445cb3d7df62f1827ecc4cd209e3be3cf46396",
        "is_verified": false,
        "line_number": 106,
        "is_secret": false
      },
      {
        "type": "Hex High Entropy String",
        "filename": "notebook/agentchat_agentops.ipynb",
        "hashed_secret": "7b356747dc1b01174eea50cbe7dce1d96673f25d",
        "is_verified": false,
        "line_number": 140,
        "is_secret": false
      },
      {
        "type": "Hex High Entropy String",
        "filename": "notebook/agentchat_agentops.ipynb",
        "hashed_secret": "e627cf4862ea5e9811040cdf79fc8e77f51903cd",
        "is_verified": false,
        "line_number": 150,
        "is_secret": false
      },
      {
        "type": "Hex High Entropy String",
        "filename": "notebook/agentchat_agentops.ipynb",
        "hashed_secret": "158172a3905bdfcef2b07ab1a5ea7de93fd25b34",
        "is_verified": false,
        "line_number": 158,
        "is_secret": false
      },
      {
        "type": "Hex High Entropy String",
        "filename": "notebook/agentchat_agentops.ipynb",
        "hashed_secret": "44f2f51fd21d25b6741e0288ac4b2f7339c63b92",
        "is_verified": false,
        "line_number": 168,
        "is_secret": false
      },
      {
        "type": "Hex High Entropy String",
        "filename": "notebook/agentchat_agentops.ipynb",
        "hashed_secret": "71514a7258eb8b2ad01be724dc700934d833a5a3",
        "is_verified": false,
        "line_number": 234,
        "is_secret": false
      },
      {
        "type": "Hex High Entropy String",
        "filename": "notebook/agentchat_agentops.ipynb",
        "hashed_secret": "ad01e4615e3b5c3aa7fe52d54d55442179833ce3",
        "is_verified": false,
        "line_number": 245,
        "is_secret": false
      }
    ],
    "notebook/agentchat_auto_feedback_from_code_execution.ipynb": [
      {
        "type": "Hex High Entropy String",
        "filename": "notebook/agentchat_auto_feedback_from_code_execution.ipynb",
        "hashed_secret": "7e7d28c26841f25a2431a6eec08b6f62cb25da87",
        "is_verified": false,
        "line_number": 312,
        "is_secret": false
      }
    ],
    "notebook/agentchat_custom_model.ipynb": [
      {
        "type": "Hex High Entropy String",
        "filename": "notebook/agentchat_custom_model.ipynb",
        "hashed_secret": "7e7d28c26841f25a2431a6eec08b6f62cb25da87",
        "is_verified": false,
        "line_number": 469,
        "is_secret": false
      }
    ],
    "notebook/agentchat_dalle_and_gpt4v.ipynb": [
      {
        "type": "Secret Keyword",
        "filename": "notebook/agentchat_dalle_and_gpt4v.ipynb",
        "hashed_secret": "fef1d6766642ac73db47e0091f96d26ec8b07078",
        "is_verified": false,
        "line_number": 89,
        "is_secret": false
      }
    ],
    "notebook/agentchat_graph_rag_neo4j.ipynb": [
      {
        "type": "Base64 High Entropy String",
        "filename": "notebook/agentchat_graph_rag_neo4j.ipynb",
        "hashed_secret": "9e769d47e8f4b011ec39bbcfa93df2c2538c4e05",
        "is_verified": false,
        "line_number": 214,
        "is_secret": false
      },
      {
        "type": "Base64 High Entropy String",
        "filename": "notebook/agentchat_graph_rag_neo4j.ipynb",
        "hashed_secret": "98770c1f0dae0133bc7e440889b1622e887829b7",
        "is_verified": false,
        "line_number": 343,
        "is_secret": false
      },
      {
        "type": "Base64 High Entropy String",
        "filename": "notebook/agentchat_graph_rag_neo4j.ipynb",
        "hashed_secret": "6425312a888f7a7fa06464b992bbcdff3558d510",
        "is_verified": false,
        "line_number": 409,
        "is_secret": false
      }
    ],
    "notebook/agentchat_human_feedback.ipynb": [
      {
        "type": "Hex High Entropy String",
        "filename": "notebook/agentchat_human_feedback.ipynb",
        "hashed_secret": "7e7d28c26841f25a2431a6eec08b6f62cb25da87",
        "is_verified": false,
        "line_number": 215,
        "is_secret": false
      }
    ],
    "notebook/agentchat_multi_task_async_chats.ipynb": [
      {
        "type": "Hex High Entropy String",
        "filename": "notebook/agentchat_multi_task_async_chats.ipynb",
        "hashed_secret": "7e7d28c26841f25a2431a6eec08b6f62cb25da87",
        "is_verified": false,
        "line_number": 401,
        "is_secret": false
      }
    ],
    "notebook/agentchat_multi_task_chats.ipynb": [
      {
        "type": "Hex High Entropy String",
        "filename": "notebook/agentchat_multi_task_chats.ipynb",
        "hashed_secret": "7e7d28c26841f25a2431a6eec08b6f62cb25da87",
        "is_verified": false,
        "line_number": 364,
        "is_secret": false
      }
    ],
    "notebook/agentchat_nested_sequential_chats.ipynb": [
      {
        "type": "Hex High Entropy String",
        "filename": "notebook/agentchat_nested_sequential_chats.ipynb",
        "hashed_secret": "7e7d28c26841f25a2431a6eec08b6f62cb25da87",
        "is_verified": false,
        "line_number": 277,
        "is_secret": false
      }
    ],
    "notebook/agentchat_nestedchat.ipynb": [
      {
        "type": "Hex High Entropy String",
        "filename": "notebook/agentchat_nestedchat.ipynb",
        "hashed_secret": "7e7d28c26841f25a2431a6eec08b6f62cb25da87",
        "is_verified": false,
        "line_number": 261,
        "is_secret": false
      }
    ],
    "notebook/agentchat_nestedchat_optiguide.ipynb": [
      {
        "type": "Hex High Entropy String",
        "filename": "notebook/agentchat_nestedchat_optiguide.ipynb",
        "hashed_secret": "7e7d28c26841f25a2431a6eec08b6f62cb25da87",
        "is_verified": false,
        "line_number": 552,
        "is_secret": false
      }
    ],
    "notebook/agentchat_planning.ipynb": [
      {
        "type": "Hex High Entropy String",
        "filename": "notebook/agentchat_planning.ipynb",
        "hashed_secret": "7e7d28c26841f25a2431a6eec08b6f62cb25da87",
        "is_verified": false,
        "line_number": 246,
        "is_secret": false
      }
    ],
    "notebook/agentchat_stream.ipynb": [
      {
        "type": "Hex High Entropy String",
        "filename": "notebook/agentchat_stream.ipynb",
        "hashed_secret": "7e7d28c26841f25a2431a6eec08b6f62cb25da87",
        "is_verified": false,
        "line_number": 281,
        "is_secret": false
      }
    ],
    "notebook/agentchat_swarm_graphrag_telemetry_trip_planner.ipynb": [
      {
        "type": "Base64 High Entropy String",
        "filename": "notebook/agentchat_swarm_graphrag_telemetry_trip_planner.ipynb",
        "hashed_secret": "65a8f9b37ecf6897f7de7c02cda7a1cdedabfc60",
        "is_verified": false,
        "line_number": 844,
        "is_secret": false
      },
      {
        "type": "Base64 High Entropy String",
        "filename": "notebook/agentchat_swarm_graphrag_telemetry_trip_planner.ipynb",
        "hashed_secret": "1859ed46792a3f44944cdadf50a8a8208639fd26",
        "is_verified": false,
        "line_number": 872,
        "is_secret": false
      },
      {
        "type": "Base64 High Entropy String",
        "filename": "notebook/agentchat_swarm_graphrag_telemetry_trip_planner.ipynb",
        "hashed_secret": "1834c643c2e26e30c9458b96db397121584d78a2",
        "is_verified": false,
        "line_number": 891,
        "is_secret": false
      },
      {
        "type": "Base64 High Entropy String",
        "filename": "notebook/agentchat_swarm_graphrag_telemetry_trip_planner.ipynb",
        "hashed_secret": "9de2948520c566e95baff46bc5cf2f0bb1935228",
        "is_verified": false,
        "line_number": 912,
        "is_secret": false
      },
      {
        "type": "Base64 High Entropy String",
        "filename": "notebook/agentchat_swarm_graphrag_telemetry_trip_planner.ipynb",
        "hashed_secret": "b1b3eb7195f9fe8f7acedd0928d9544396996c2f",
        "is_verified": false,
        "line_number": 931,
        "is_secret": false
      }
    ],
    "notebook/agentchat_two_users.ipynb": [
      {
        "type": "Hex High Entropy String",
        "filename": "notebook/agentchat_two_users.ipynb",
        "hashed_secret": "7e7d28c26841f25a2431a6eec08b6f62cb25da87",
        "is_verified": false,
        "line_number": 253,
        "is_secret": false
      }
    ],
    "notebook/agentchat_web_info.ipynb": [
      {
        "type": "Hex High Entropy String",
        "filename": "notebook/agentchat_web_info.ipynb",
        "hashed_secret": "7e7d28c26841f25a2431a6eec08b6f62cb25da87",
        "is_verified": false,
        "line_number": 217,
        "is_secret": false
      }
    ],
    "notebook/agentchats_sequential_chats.ipynb": [
      {
        "type": "Hex High Entropy String",
        "filename": "notebook/agentchats_sequential_chats.ipynb",
        "hashed_secret": "7e7d28c26841f25a2431a6eec08b6f62cb25da87",
        "is_verified": false,
        "line_number": 311,
        "is_secret": false
      }
    ],
    "notebook/agenteval_cq_math.ipynb": [
      {
        "type": "Hex High Entropy String",
        "filename": "notebook/agenteval_cq_math.ipynb",
        "hashed_secret": "7e7d28c26841f25a2431a6eec08b6f62cb25da87",
        "is_verified": false,
        "line_number": 448,
        "is_secret": false
      }
    ],
    "notebook/autobuild_agent_library.ipynb": [
      {
        "type": "Hex High Entropy String",
        "filename": "notebook/autobuild_agent_library.ipynb",
        "hashed_secret": "c9c660c759491699ed310c94dc3410ffdf59e451",
        "is_verified": false,
        "line_number": 5,
        "is_secret": false
      },
      {
        "type": "Hex High Entropy String",
        "filename": "notebook/autobuild_agent_library.ipynb",
        "hashed_secret": "ff918cf5d324d533bd7c1ebdb362434a176ecc50",
        "is_verified": false,
        "line_number": 38,
        "is_secret": false
      },
      {
        "type": "Hex High Entropy String",
        "filename": "notebook/autobuild_agent_library.ipynb",
        "hashed_secret": "7f52383e03b6e94537aa5a68700164b37c79af17",
        "is_verified": false,
        "line_number": 48,
        "is_secret": false
      },
      {
        "type": "Hex High Entropy String",
        "filename": "notebook/autobuild_agent_library.ipynb",
        "hashed_secret": "940561302eebc305e14db34cc0095c29abe8b69c",
        "is_verified": false,
        "line_number": 84,
        "is_secret": false
      },
      {
        "type": "Hex High Entropy String",
        "filename": "notebook/autobuild_agent_library.ipynb",
        "hashed_secret": "1d747a8f2eef94771fe3a986f74c69346ca75c4d",
        "is_verified": false,
        "line_number": 131,
        "is_secret": false
      },
      {
        "type": "Hex High Entropy String",
        "filename": "notebook/autobuild_agent_library.ipynb",
        "hashed_secret": "6326d24ba3babd0d8f757d66ff16af38fe4ac136",
        "is_verified": false,
        "line_number": 140,
        "is_secret": false
      },
      {
        "type": "Hex High Entropy String",
        "filename": "notebook/autobuild_agent_library.ipynb",
        "hashed_secret": "165740ddf09f0815a4c67e3880ccf6bfc83842c1",
        "is_verified": false,
        "line_number": 182,
        "is_secret": false
      },
      {
        "type": "Hex High Entropy String",
        "filename": "notebook/autobuild_agent_library.ipynb",
        "hashed_secret": "f9dab18cb6af310978443985d532e68f56496406",
        "is_verified": false,
        "line_number": 200,
        "is_secret": false
      },
      {
        "type": "Hex High Entropy String",
        "filename": "notebook/autobuild_agent_library.ipynb",
        "hashed_secret": "457bab5ecb38e0ed3a50c991a92ead8d91e20f4c",
        "is_verified": false,
        "line_number": 218,
        "is_secret": false
      },
      {
        "type": "Hex High Entropy String",
        "filename": "notebook/autobuild_agent_library.ipynb",
        "hashed_secret": "31da7d39efbb487d1038ca470d9612b282f79f0e",
        "is_verified": false,
        "line_number": 230,
        "is_secret": false
      },
      {
        "type": "Hex High Entropy String",
        "filename": "notebook/autobuild_agent_library.ipynb",
        "hashed_secret": "545e0d2c2552942a52197000f37e4e0887c0eb00",
        "is_verified": false,
        "line_number": 240,
        "is_secret": false
      },
      {
        "type": "Hex High Entropy String",
        "filename": "notebook/autobuild_agent_library.ipynb",
        "hashed_secret": "4e498757e4d5481d42b8f6037c03d82cdeee4e6a",
        "is_verified": false,
        "line_number": 276,
        "is_secret": false
      }
    ],
    "notebook/autobuild_basic.ipynb": [
      {
        "type": "Hex High Entropy String",
        "filename": "notebook/autobuild_basic.ipynb",
        "hashed_secret": "8ef8eb8bf7ff149bce0003c9736870a3b0d5a411",
        "is_verified": false,
        "line_number": 5,
        "is_secret": false
      },
      {
        "type": "Hex High Entropy String",
        "filename": "notebook/autobuild_basic.ipynb",
        "hashed_secret": "e0d97fcfd32b7032d37f2f275e5ee5008be144f8",
        "is_verified": false,
        "line_number": 40,
        "is_secret": false
      },
      {
        "type": "Hex High Entropy String",
        "filename": "notebook/autobuild_basic.ipynb",
        "hashed_secret": "7f52383e03b6e94537aa5a68700164b37c79af17",
        "is_verified": false,
        "line_number": 50,
        "is_secret": false
      },
      {
        "type": "Hex High Entropy String",
        "filename": "notebook/autobuild_basic.ipynb",
        "hashed_secret": "a8f895916611c85ec3c73112ff3b06fec3fa64f5",
        "is_verified": false,
        "line_number": 78,
        "is_secret": false
      },
      {
        "type": "Hex High Entropy String",
        "filename": "notebook/autobuild_basic.ipynb",
        "hashed_secret": "98d3376b40da35b43a226c1eeb8686c794671fcc",
        "is_verified": false,
        "line_number": 89,
        "is_secret": false
      },
      {
        "type": "Hex High Entropy String",
        "filename": "notebook/autobuild_basic.ipynb",
        "hashed_secret": "fa809b3926300069f0621d0296e7ffc52327079c",
        "is_verified": false,
        "line_number": 100,
        "is_secret": false
      },
      {
        "type": "Hex High Entropy String",
        "filename": "notebook/autobuild_basic.ipynb",
        "hashed_secret": "940561302eebc305e14db34cc0095c29abe8b69c",
        "is_verified": false,
        "line_number": 111,
        "is_secret": false
      },
      {
        "type": "Hex High Entropy String",
        "filename": "notebook/autobuild_basic.ipynb",
        "hashed_secret": "609810614baf6672128a60aef4695ee7036b9266",
        "is_verified": false,
        "line_number": 120,
        "is_secret": false
      },
      {
        "type": "Hex High Entropy String",
        "filename": "notebook/autobuild_basic.ipynb",
        "hashed_secret": "58ef3579f46ea606d495f639ca700a102b0ccd1a",
        "is_verified": false,
        "line_number": 134,
        "is_secret": false
      },
      {
        "type": "Hex High Entropy String",
        "filename": "notebook/autobuild_basic.ipynb",
        "hashed_secret": "e54cbe38b454d419578d50e061569ef4f6918e38",
        "is_verified": false,
        "line_number": 143,
        "is_secret": false
      },
      {
        "type": "Hex High Entropy String",
        "filename": "notebook/autobuild_basic.ipynb",
        "hashed_secret": "937969ef6c494e9f83f682de74bd03c63104c482",
        "is_verified": false,
        "line_number": 153,
        "is_secret": false
      },
      {
        "type": "Hex High Entropy String",
        "filename": "notebook/autobuild_basic.ipynb",
        "hashed_secret": "f9dc1d70b8620f3a5f4d7d3b8fe1a4d77222d1b3",
        "is_verified": false,
        "line_number": 166,
        "is_secret": false
      },
      {
        "type": "Hex High Entropy String",
        "filename": "notebook/autobuild_basic.ipynb",
        "hashed_secret": "3bda02fa03a8eb67189ab06e127749392f3ba527",
        "is_verified": false,
        "line_number": 244,
        "is_secret": false
      },
      {
        "type": "Hex High Entropy String",
        "filename": "notebook/autobuild_basic.ipynb",
        "hashed_secret": "581e0a36977b22acd02fa4f1288695d9239687c4",
        "is_verified": false,
        "line_number": 253,
        "is_secret": false
      },
      {
        "type": "Hex High Entropy String",
        "filename": "notebook/autobuild_basic.ipynb",
        "hashed_secret": "b80e56b35d3d279b67f730ac21b7af412ac9d22f",
        "is_verified": false,
        "line_number": 262,
        "is_secret": false
      }
    ],
    "notebook/config_loader_utility_functions.ipynb": [
      {
        "type": "Secret Keyword",
        "filename": "notebook/config_loader_utility_functions.ipynb",
        "hashed_secret": "6d9c68c603e465077bdd49c62347fe54717f83a3",
        "is_verified": false,
        "line_number": 17,
        "is_secret": false
      },
      {
        "type": "Base64 High Entropy String",
        "filename": "notebook/config_loader_utility_functions.ipynb",
        "hashed_secret": "eee4064e7a4e9d33b48da56370ad6102eeb0ce0b",
        "is_verified": false,
        "line_number": 197,
        "is_secret": false
      }
    ],
    "notebook/oai_chatgpt_gpt4.ipynb": [
      {
        "type": "Hex High Entropy String",
        "filename": "notebook/oai_chatgpt_gpt4.ipynb",
        "hashed_secret": "7e7d28c26841f25a2431a6eec08b6f62cb25da87",
        "is_verified": false,
        "line_number": 500,
        "is_secret": false
      }
    ],
    "notebook/oai_completion.ipynb": [
      {
        "type": "Hex High Entropy String",
        "filename": "notebook/oai_completion.ipynb",
        "hashed_secret": "7e7d28c26841f25a2431a6eec08b6f62cb25da87",
        "is_verified": false,
        "line_number": 446,
        "is_secret": false
      }
    ],
    "test/agentchat/contrib/capabilities/test_tools_capability.py": [
      {
        "type": "Secret Keyword",
        "filename": "test/agentchat/contrib/capabilities/test_tools_capability.py",
        "hashed_secret": "8d5edda00840aca5630bd31e2e489b8a0484de78",
        "is_verified": false,
        "line_number": 29,
        "is_secret": false
      }
    ],
    "test/agentchat/contrib/capabilities/test_vision_capability.py": [
      {
        "type": "Secret Keyword",
        "filename": "test/agentchat/contrib/capabilities/test_vision_capability.py",
        "hashed_secret": "b82d78a20a2bff162bb9f6b1f3b22a9f536e489f",
        "is_verified": false,
        "line_number": 23,
        "is_secret": false
      }
    ],
    "test/agentchat/contrib/graph_rag/test_native_neo4j_graph_rag.py": [
      {
        "type": "Secret Keyword",
        "filename": "test/agentchat/contrib/graph_rag/test_native_neo4j_graph_rag.py",
        "hashed_secret": "5baa61e4c9b93f3f0682250b6cf8331b7ee68fd8",
        "is_verified": false,
        "line_number": 75,
        "is_secret": false
      }
    ],
    "test/agentchat/contrib/graph_rag/test_neo4j_graph_rag.py": [
      {
        "type": "Secret Keyword",
        "filename": "test/agentchat/contrib/graph_rag/test_neo4j_graph_rag.py",
        "hashed_secret": "5baa61e4c9b93f3f0682250b6cf8331b7ee68fd8",
        "is_verified": false,
        "line_number": 35,
        "is_secret": false
      }
    ],
    "test/agentchat/contrib/retrievechat/test_pgvector_retrievechat.py": [
      {
        "type": "Basic Auth Credentials",
        "filename": "test/agentchat/contrib/retrievechat/test_pgvector_retrievechat.py",
        "hashed_secret": "afc848c316af1a89d49826c5ae9d00ed769415f3",
        "is_verified": false,
        "line_number": 66,
        "is_secret": false
      }
    ],
    "test/agentchat/contrib/test_img_utils.py": [
      {
        "type": "Base64 High Entropy String",
        "filename": "test/agentchat/contrib/test_img_utils.py",
        "hashed_secret": "dcce26510eb892e4c25cd8fabf1778261002ae1e",
        "is_verified": false,
        "line_number": 41,
        "is_secret": false
      }
    ],
    "test/agentchat/contrib/test_lmm.py": [
      {
        "type": "Base64 High Entropy String",
        "filename": "test/agentchat/contrib/test_lmm.py",
        "hashed_secret": "dcce26510eb892e4c25cd8fabf1778261002ae1e",
        "is_verified": false,
        "line_number": 25,
        "is_secret": false
      }
    ],
    "test/agentchat/contrib/test_swarm.py": [
      {
        "type": "Secret Keyword",
        "filename": "test/agentchat/contrib/test_swarm.py",
        "hashed_secret": "957af7971d66cb7bfda1fff979038caeffd61025",
        "is_verified": false,
        "line_number": 295,
        "is_secret": false
      }
    ],
    "test/agentchat/contrib/test_web_surfer.py": [
      {
        "type": "Secret Keyword",
        "filename": "test/agentchat/contrib/test_web_surfer.py",
        "hashed_secret": "99cff7fb0a5050489b9b0b22a56315742bbaede2",
        "is_verified": false,
        "line_number": 143,
        "is_secret": false
      }
    ],
    "test/agentchat/contrib/vectordb/test_pgvectordb.py": [
      {
        "type": "Basic Auth Credentials",
        "filename": "test/agentchat/contrib/vectordb/test_pgvectordb.py",
        "hashed_secret": "afc848c316af1a89d49826c5ae9d00ed769415f3",
        "is_verified": false,
        "line_number": 42,
        "is_secret": false
      }
    ],
    "test/agentchat/test_conversable_agent.py": [
      {
        "type": "Secret Keyword",
        "filename": "test/agentchat/test_conversable_agent.py",
        "hashed_secret": "eef19c54306daa69eda49c0272623bdb5e2b341f",
        "is_verified": false,
        "line_number": 1393,
        "is_secret": false
      }
    ],
    "test/agentchat/test_dependancy_injection.py": [
      {
        "type": "Secret Keyword",
        "filename": "test/agentchat/test_dependancy_injection.py",
        "hashed_secret": "e5e080b98051e09a61175bdd4501701be7185582",
        "is_verified": false,
        "line_number": 252,
        "is_secret": false
      }
    ],
    "test/agentchat/test_groupchat.py": [
      {
        "type": "Secret Keyword",
        "filename": "test/agentchat/test_groupchat.py",
        "hashed_secret": "475e81e79c7880f9b5caa35bec50279c459ad2f9",
        "is_verified": false,
        "line_number": 1490,
        "is_secret": false
      }
    ],
    "test/conftest.py": [
      {
        "type": "Secret Keyword",
        "filename": "test/conftest.py",
        "hashed_secret": "e4b0ff4bc8c7554a79fde39153067044bc89d27b",
        "is_verified": false,
        "line_number": 25,
        "is_secret": false
      }
    ],
    "test/oai/test_anthropic.py": [
      {
        "type": "Secret Keyword",
        "filename": "test/oai/test_anthropic.py",
        "hashed_secret": "9e712c7fd95990477f7c83991f86583883fa7260",
        "is_verified": false,
        "line_number": 50,
        "is_secret": false
      },
      {
        "type": "Secret Keyword",
        "filename": "test/oai/test_anthropic.py",
        "hashed_secret": "1250ccf39e681decf5b51332888b7ccfc9a05227",
        "is_verified": false,
        "line_number": 70,
        "is_secret": false
      }
    ],
    "test/oai/test_bedrock.py": [
      {
        "type": "Secret Keyword",
        "filename": "test/oai/test_bedrock.py",
        "hashed_secret": "517710442fe630dc719e06acad7ebdf110268bc5",
        "is_verified": false,
        "line_number": 53,
        "is_secret": false
      }
    ],
    "test/oai/test_cerebras.py": [
      {
        "type": "Secret Keyword",
        "filename": "test/oai/test_cerebras.py",
        "hashed_secret": "7dfe63b6762fc69b8e486a2bafa43b8f7d23b788",
        "is_verified": false,
        "line_number": 31,
        "is_secret": false
      }
    ],
    "test/oai/test_client.py": [
      {
        "type": "Base64 High Entropy String",
        "filename": "test/oai/test_client.py",
        "hashed_secret": "50ce7815278d3fb6dd123afe1c22c11a31d6d665",
        "is_verified": false,
        "line_number": 170,
        "is_secret": false
      }
    ],
    "test/oai/test_client_stream.py": [
      {
        "type": "Base64 High Entropy String",
        "filename": "test/oai/test_client_stream.py",
        "hashed_secret": "7631773c2d11fe1f4a97285887bb87b4c03c9402",
        "is_verified": false,
        "line_number": 60,
        "is_secret": false
      },
      {
        "type": "Base64 High Entropy String",
        "filename": "test/oai/test_client_stream.py",
        "hashed_secret": "2e4b478ea17936abbcabef6d57bebd56ef4d1c32",
        "is_verified": false,
        "line_number": 121,
        "is_secret": false
      },
      {
        "type": "Base64 High Entropy String",
        "filename": "test/oai/test_client_stream.py",
        "hashed_secret": "bda2ef5d8fd6e01a11fc825f4737de369a79426c",
        "is_verified": false,
        "line_number": 148,
        "is_secret": false
      }
    ],
    "test/oai/test_cohere.py": [
      {
        "type": "Secret Keyword",
        "filename": "test/oai/test_cohere.py",
        "hashed_secret": "9e712c7fd95990477f7c83991f86583883fa7260",
        "is_verified": false,
        "line_number": 18,
        "is_secret": false
      }
    ],
    "test/oai/test_gemini.py": [
      {
        "type": "Secret Keyword",
        "filename": "test/oai/test_gemini.py",
        "hashed_secret": "7dfe63b6762fc69b8e486a2bafa43b8f7d23b788",
        "is_verified": false,
        "line_number": 50,
        "is_secret": false
      }
    ],
    "test/oai/test_groq.py": [
      {
        "type": "Secret Keyword",
        "filename": "test/oai/test_groq.py",
        "hashed_secret": "7dfe63b6762fc69b8e486a2bafa43b8f7d23b788",
        "is_verified": false,
        "line_number": 31,
        "is_secret": false
      }
    ],
    "test/oai/test_mistral.py": [
      {
        "type": "Secret Keyword",
        "filename": "test/oai/test_mistral.py",
        "hashed_secret": "7dfe63b6762fc69b8e486a2bafa43b8f7d23b788",
        "is_verified": false,
        "line_number": 31,
        "is_secret": false
      }
    ],
    "test/oai/test_together.py": [
      {
        "type": "Secret Keyword",
        "filename": "test/oai/test_together.py",
        "hashed_secret": "7dfe63b6762fc69b8e486a2bafa43b8f7d23b788",
        "is_verified": false,
        "line_number": 31,
        "is_secret": false
      }
    ],
    "test/oai/test_utils.py": [
      {
        "type": "Secret Keyword",
        "filename": "test/oai/test_utils.py",
        "hashed_secret": "f72c85879027f6160ce36e1c5074ef8207bfe105",
        "is_verified": false,
        "line_number": 31,
        "is_secret": false
      },
      {
        "type": "Secret Keyword",
        "filename": "test/oai/test_utils.py",
        "hashed_secret": "4c88039c5079180dacb0e29d715055d95b2b7589",
        "is_verified": false,
        "line_number": 40,
        "is_secret": false
      },
      {
        "type": "Secret Keyword",
        "filename": "test/oai/test_utils.py",
        "hashed_secret": "7460e665be1988cc62f1caf9d47716b07d55858c",
        "is_verified": false,
        "line_number": 70,
        "is_secret": false
      },
      {
        "type": "Secret Keyword",
        "filename": "test/oai/test_utils.py",
        "hashed_secret": "b5c2827eb65bf13b87130e7e3c424ba9ff07cd67",
        "is_verified": false,
        "line_number": 77,
        "is_secret": false
      },
      {
        "type": "Secret Keyword",
        "filename": "test/oai/test_utils.py",
        "hashed_secret": "178c7a21b087dfafc826a21b61aff284c71fd258",
        "is_verified": false,
        "line_number": 203,
        "is_secret": false
      },
      {
        "type": "Secret Keyword",
        "filename": "test/oai/test_utils.py",
        "hashed_secret": "aa5c90e1b80bb987f562ac30eaa1a71c832892f5",
        "is_verified": false,
        "line_number": 204,
        "is_secret": false
      },
      {
        "type": "Secret Keyword",
        "filename": "test/oai/test_utils.py",
        "hashed_secret": "4489f55309f29853a4075cbbdf1f18b584809726",
        "is_verified": false,
        "line_number": 206,
        "is_secret": false
      },
      {
        "type": "Secret Keyword",
        "filename": "test/oai/test_utils.py",
        "hashed_secret": "95cfb33d5e102631e226e7ff9da4b17d6ba5f3e4",
        "is_verified": false,
        "line_number": 218,
        "is_secret": false
      },
      {
        "type": "Secret Keyword",
        "filename": "test/oai/test_utils.py",
        "hashed_secret": "7943297a6a2188abe697bd1e0189fdd1274818be",
        "is_verified": false,
        "line_number": 220,
        "is_secret": false
      },
      {
        "type": "Secret Keyword",
        "filename": "test/oai/test_utils.py",
        "hashed_secret": "8cc86c45479a8e0bbb1ddea57d3e195b611241f2",
        "is_verified": false,
        "line_number": 240,
        "is_secret": false
      },
      {
        "type": "Secret Keyword",
        "filename": "test/oai/test_utils.py",
        "hashed_secret": "eda6571eea7bd0ac4553ac9d745631f1f2bec7a4",
        "is_verified": false,
        "line_number": 242,
        "is_secret": false
      },
      {
        "type": "Secret Keyword",
        "filename": "test/oai/test_utils.py",
        "hashed_secret": "0ad02c88ffd9754bfbfc24ade0bf8bc48d76b232",
        "is_verified": false,
        "line_number": 251,
        "is_secret": false
      },
      {
        "type": "Secret Keyword",
        "filename": "test/oai/test_utils.py",
        "hashed_secret": "11841233da3f9f37c5fa14e8b482dde913db6edf",
        "is_verified": false,
        "line_number": 259,
        "is_secret": false
      },
      {
        "type": "Base64 High Entropy String",
        "filename": "test/oai/test_utils.py",
        "hashed_secret": "11cac88cbfa53881646b024097f531c4f234151b",
        "is_verified": false,
        "line_number": 475,
        "is_secret": false
      },
      {
        "type": "OpenAI Token",
        "filename": "test/oai/test_utils.py",
        "hashed_secret": "8e8324e8ea2ec13efb774680c6e3850625e575e6",
        "is_verified": false,
        "line_number": 475,
        "is_secret": false
      },
      {
        "type": "Base64 High Entropy String",
        "filename": "test/oai/test_utils.py",
        "hashed_secret": "8e2fa04ab430ff4817e87e3294f33727fc78ed6c",
        "is_verified": false,
        "line_number": 478,
        "is_secret": false
      }
    ],
    "test/test_logging.py": [
      {
        "type": "Base64 High Entropy String",
        "filename": "test/test_logging.py",
        "hashed_secret": "2a7af52f8ae40ed2b0691ae873fe42f1a38a1190",
        "is_verified": false,
        "line_number": 46,
        "is_secret": false
      },
      {
        "type": "Secret Keyword",
        "filename": "test/test_logging.py",
        "hashed_secret": "53def077a4264bd3183d4eb21b1f56f883e1b572",
        "is_verified": false,
        "line_number": 162,
        "is_secret": false
      }
    ],
    "test/test_token_count.py": [
      {
        "type": "Base64 High Entropy String",
        "filename": "test/test_token_count.py",
        "hashed_secret": "dcce26510eb892e4c25cd8fabf1778261002ae1e",
        "is_verified": false,
        "line_number": 97,
        "is_secret": false
      }
    ],
    "test/website/test_process_notebooks.py": [
      {
        "type": "Base64 High Entropy String",
        "filename": "test/website/test_process_notebooks.py",
        "hashed_secret": "f5d04c6f567b20a06d5dddf4f8da1b1d6302b84a",
        "is_verified": false,
        "line_number": 323,
        "is_secret": false
      }
    ],
    "website/docs/_blogs/2023-07-14-Local-LLMs/index.mdx": [
      {
        "type": "Secret Keyword",
        "filename": "website/docs/_blogs/2023-07-14-Local-LLMs/index.mdx",
        "hashed_secret": "eef19c54306daa69eda49c0272623bdb5e2b341f",
        "is_verified": false,
        "line_number": 83,
        "is_secret": false
      }
    ],
    "website/docs/_blogs/2023-10-18-RetrieveChat/index.mdx": [
      {
        "type": "Secret Keyword",
        "filename": "website/docs/_blogs/2023-10-18-RetrieveChat/index.mdx",
        "hashed_secret": "1e3667aaaaa887721550cf5cc8a0c5c5760810ed",
        "is_verified": false,
        "line_number": 155,
        "is_secret": false
      }
    ],
    "website/docs/_blogs/2023-11-26-Agent-AutoBuild/index.mdx": [
      {
        "type": "Base64 High Entropy String",
        "filename": "website/docs/_blogs/2023-11-26-Agent-AutoBuild/index.mdx",
        "hashed_secret": "76c1da7555caa23cfbad2a5a25caa463e8a81b30",
        "is_verified": false,
        "line_number": 46,
        "is_secret": false
      },
      {
        "type": "Secret Keyword",
        "filename": "website/docs/_blogs/2023-11-26-Agent-AutoBuild/index.mdx",
        "hashed_secret": "5bc604777adb22ae457a5473c397202e00689e23",
        "is_verified": false,
        "line_number": 174,
        "is_secret": false
      }
    ],
    "website/docs/_blogs/2024-06-24-AltModels-Classes/index.mdx": [
      {
        "type": "Secret Keyword",
        "filename": "website/docs/_blogs/2024-06-24-AltModels-Classes/index.mdx",
        "hashed_secret": "7d80773e54e49b5cc36d28a4a7baf9fff268491e",
        "is_verified": false,
        "line_number": 89,
        "is_secret": false
      },
      {
        "type": "Secret Keyword",
        "filename": "website/docs/_blogs/2024-06-24-AltModels-Classes/index.mdx",
        "hashed_secret": "5f7eb17aeb646b3cda7af7c395fc9e291c62273e",
        "is_verified": false,
        "line_number": 94,
        "is_secret": false
      },
      {
        "type": "Secret Keyword",
        "filename": "website/docs/_blogs/2024-06-24-AltModels-Classes/index.mdx",
        "hashed_secret": "9918921badd6ab97ccf2355ca3dda0fefbf79d03",
        "is_verified": false,
        "line_number": 99,
        "is_secret": false
      },
      {
        "type": "Secret Keyword",
        "filename": "website/docs/_blogs/2024-06-24-AltModels-Classes/index.mdx",
        "hashed_secret": "2da1eec5f20a39f9f7b1449ea3f3ad0abc84642c",
        "is_verified": false,
        "line_number": 104,
        "is_secret": false
      }
    ],
    "website/docs/ecosystem/mem0.mdx": [
      {
        "type": "Secret Keyword",
        "filename": "website/docs/ecosystem/mem0.mdx",
        "hashed_secret": "235ca8ecd22dbaae08d2971367bebdc1d1bd0224",
        "is_verified": false,
        "line_number": 82,
        "is_secret": false
      },
      {
        "type": "Secret Keyword",
        "filename": "website/docs/ecosystem/mem0.mdx",
        "hashed_secret": "328457f6d95a80d57b3661adc779778d995027b4",
        "is_verified": false,
        "line_number": 83,
        "is_secret": false
      }
    ],
    "website/docs/ecosystem/portkey.mdx": [
      {
        "type": "Secret Keyword",
        "filename": "website/docs/ecosystem/portkey.mdx",
        "hashed_secret": "02ecb94373bfb3dfe827ca18409f50b016e8302a",
        "is_verified": false,
        "line_number": 30,
        "is_secret": false
      },
      {
        "type": "Secret Keyword",
        "filename": "website/docs/ecosystem/portkey.mdx",
        "hashed_secret": "0ff5db90fb3dd3cf1630f940268308e51d7db350",
        "is_verified": false,
        "line_number": 35,
        "is_secret": false
      },
      {
        "type": "Secret Keyword",
        "filename": "website/docs/ecosystem/portkey.mdx",
        "hashed_secret": "505032eaf8a3acf9b094a326dfb1cd0537c75a0d",
        "is_verified": false,
        "line_number": 115,
        "is_secret": false
      },
      {
        "type": "Secret Keyword",
        "filename": "website/docs/ecosystem/portkey.mdx",
        "hashed_secret": "d5c2ed8d21390c7349954b681276adabf345cd5f",
        "is_verified": false,
        "line_number": 141,
        "is_secret": false
      },
      {
        "type": "Secret Keyword",
        "filename": "website/docs/ecosystem/portkey.mdx",
        "hashed_secret": "f7f71c7b39b889f796dda3ff85c60627bf327c75",
        "is_verified": false,
        "line_number": 149,
        "is_secret": false
      }
    ],
    "website/docs/user-guide/basic-concepts/llm-configuration/llm-configuration.mdx": [
      {
        "type": "Secret Keyword",
        "filename": "website/docs/user-guide/basic-concepts/llm-configuration/llm-configuration.mdx",
        "hashed_secret": "1e3667aaaaa887721550cf5cc8a0c5c5760810ed",
        "is_verified": false,
        "line_number": 54,
        "is_secret": false
      }
    ],
    "website/docs/user-guide/models/anthropic.mdx": [
      {
        "type": "Secret Keyword",
        "filename": "website/docs/user-guide/models/anthropic.mdx",
        "hashed_secret": "449f47c8fa77a4ce2e299d213fdb050a22acd086",
        "is_verified": false,
        "line_number": 49,
        "is_secret": false
      },
      {
        "type": "Secret Keyword",
        "filename": "website/docs/user-guide/models/anthropic.mdx",
        "hashed_secret": "e1dec59361cfcaeca50039d524c68c2aaa83ccc8",
        "is_verified": false,
        "line_number": 62,
        "is_secret": false
      },
      {
        "type": "Secret Keyword",
        "filename": "website/docs/user-guide/models/anthropic.mdx",
        "hashed_secret": "e2f5e84e4be41a20338e74c0a4dcd19478541a1f",
        "is_verified": false,
        "line_number": 89,
        "is_secret": false
      }
    ],
    "website/docs/user-guide/models/cerebras.mdx": [
      {
        "type": "Secret Keyword",
        "filename": "website/docs/user-guide/models/cerebras.mdx",
        "hashed_secret": "5f18eb32ad7eaac9581486d4f8cd165664fefe03",
        "is_verified": false,
        "line_number": 40,
        "is_secret": false
      },
      {
        "type": "Secret Keyword",
        "filename": "website/docs/user-guide/models/cerebras.mdx",
        "hashed_secret": "aecdccc1cf64595b34e0cc152d238daabb32183a",
        "is_verified": false,
        "line_number": 56,
        "is_secret": false
      }
    ],
    "website/docs/user-guide/models/cohere.mdx": [
      {
        "type": "Secret Keyword",
        "filename": "website/docs/user-guide/models/cohere.mdx",
        "hashed_secret": "026eec59a93703a5c95624645476e0d2a97cc84a",
        "is_verified": false,
        "line_number": 46,
        "is_secret": false
      },
      {
        "type": "Secret Keyword",
        "filename": "website/docs/user-guide/models/cohere.mdx",
        "hashed_secret": "60cd2c21117ad4f13b13fe2863881b7534cd9610",
        "is_verified": false,
        "line_number": 58,
        "is_secret": false
      },
      {
        "type": "Secret Keyword",
        "filename": "website/docs/user-guide/models/cohere.mdx",
        "hashed_secret": "80a687f9c819137c6c15a6219bce1d828255168d",
        "is_verified": false,
        "line_number": 78,
        "is_secret": false
      }
    ],
    "website/docs/user-guide/models/deepseek-v3.mdx": [
      {
        "type": "Secret Keyword",
        "filename": "website/docs/user-guide/models/deepseek-v3.mdx",
        "hashed_secret": "20c3f8ff5e0b2178238dcdb602108f1f2ad3232b",
        "is_verified": false,
        "line_number": 47,
        "is_secret": false
      }
    ],
    "website/docs/user-guide/models/google-gemini.mdx": [
      {
        "type": "Secret Keyword",
        "filename": "website/docs/user-guide/models/google-gemini.mdx",
        "hashed_secret": "026eec59a93703a5c95624645476e0d2a97cc84a",
        "is_verified": false,
        "line_number": 54,
        "is_secret": false
      }
    ],
    "website/docs/user-guide/models/groq.mdx": [
      {
        "type": "Secret Keyword",
        "filename": "website/docs/user-guide/models/groq.mdx",
        "hashed_secret": "026eec59a93703a5c95624645476e0d2a97cc84a",
        "is_verified": false,
        "line_number": 20,
        "is_secret": false
      },
      {
        "type": "Secret Keyword",
        "filename": "website/docs/user-guide/models/groq.mdx",
        "hashed_secret": "3614c76ea05d12b2105dc83a1ff7abbcdd3ef914",
        "is_verified": false,
        "line_number": 32,
        "is_secret": false
      },
      {
        "type": "Secret Keyword",
        "filename": "website/docs/user-guide/models/groq.mdx",
        "hashed_secret": "444bd54cafb9407862b768a22db4cc279621f52e",
        "is_verified": false,
        "line_number": 57,
        "is_secret": false
      }
    ],
    "website/docs/user-guide/models/litellm-with-watsonx.mdx": [
      {
        "type": "Secret Keyword",
        "filename": "website/docs/user-guide/models/litellm-with-watsonx.mdx",
        "hashed_secret": "bd7f3f5299acefb04a2c8ef6d3e3e9070bfa44fc",
        "is_verified": false,
        "line_number": 99,
        "is_secret": false
      },
      {
        "type": "Secret Keyword",
        "filename": "website/docs/user-guide/models/litellm-with-watsonx.mdx",
        "hashed_secret": "7e341858317ceed868cae198de878e00187e3cf0",
        "is_verified": false,
        "line_number": 149,
        "is_secret": false
      }
    ],
    "website/docs/user-guide/models/lm-studio.mdx": [
      {
        "type": "Secret Keyword",
        "filename": "website/docs/user-guide/models/lm-studio.mdx",
        "hashed_secret": "80c3eb3a746f82974a9696275d8b52a37fba449b",
        "is_verified": false,
        "line_number": 23,
        "is_secret": false
      }
    ],
    "website/docs/user-guide/models/mistralai.mdx": [
      {
        "type": "Secret Keyword",
        "filename": "website/docs/user-guide/models/mistralai.mdx",
        "hashed_secret": "026eec59a93703a5c95624645476e0d2a97cc84a",
        "is_verified": false,
        "line_number": 46,
        "is_secret": false
      },
      {
        "type": "Secret Keyword",
        "filename": "website/docs/user-guide/models/mistralai.mdx",
        "hashed_secret": "7055561f13625f0a7d1382811349b15abf952fc6",
        "is_verified": false,
        "line_number": 58,
        "is_secret": false
      },
      {
        "type": "Secret Keyword",
        "filename": "website/docs/user-guide/models/mistralai.mdx",
        "hashed_secret": "b8e9d365da85d3e367f9f9442d05907e339dee1e",
        "is_verified": false,
        "line_number": 98,
        "is_secret": false
      }
    ],
    "website/docs/user-guide/models/togetherai.mdx": [
      {
        "type": "Secret Keyword",
        "filename": "website/docs/user-guide/models/togetherai.mdx",
        "hashed_secret": "026eec59a93703a5c95624645476e0d2a97cc84a",
        "is_verified": false,
        "line_number": 44,
        "is_secret": false
      },
      {
        "type": "Secret Keyword",
        "filename": "website/docs/user-guide/models/togetherai.mdx",
        "hashed_secret": "03f51ce8f421325465a8e789e028a0c22292fe58",
        "is_verified": false,
        "line_number": 56,
        "is_secret": false
      },
      {
        "type": "Secret Keyword",
        "filename": "website/docs/user-guide/models/togetherai.mdx",
        "hashed_secret": "99e2d8059ad97f2ec2f3edf4146e9ac470dd544b",
        "is_verified": false,
        "line_number": 81,
        "is_secret": false
      }
    ],
    "website/docs/user-guide/models/vLLM.mdx": [
      {
        "type": "Secret Keyword",
        "filename": "website/docs/user-guide/models/vLLM.mdx",
        "hashed_secret": "aa572c1a118d643cfe6442e2ab56f7f3bb5d63d2",
        "is_verified": false,
        "line_number": 91,
        "is_secret": false
      }
    ],
    "website/docs/user-guide/reference-agents/captainagent.mdx": [
      {
        "type": "Base64 High Entropy String",
        "filename": "website/docs/user-guide/reference-agents/captainagent.mdx",
        "hashed_secret": "22e70daedc2981ebdcd3a38cee1bc422d9dfbbe3",
        "is_verified": false,
        "line_number": 1525,
        "is_secret": false
      },
      {
        "type": "Base64 High Entropy String",
        "filename": "website/docs/user-guide/reference-agents/captainagent.mdx",
        "hashed_secret": "fcbf6eded79a9e1b6b1a60e4c9091bebf4505996",
        "is_verified": false,
        "line_number": 1527,
        "is_secret": false
      },
      {
        "type": "Base64 High Entropy String",
        "filename": "website/docs/user-guide/reference-agents/captainagent.mdx",
        "hashed_secret": "c076c348206eea13262359b492188f7e1f1edacc",
        "is_verified": false,
        "line_number": 1613,
        "is_secret": false
      },
      {
        "type": "Base64 High Entropy String",
        "filename": "website/docs/user-guide/reference-agents/captainagent.mdx",
        "hashed_secret": "eeab1aaeb76e1f6497a0491bc06c9aa09b5d4613",
        "is_verified": false,
        "line_number": 1615,
        "is_secret": false
      },
      {
        "type": "Base64 High Entropy String",
        "filename": "website/docs/user-guide/reference-agents/captainagent.mdx",
        "hashed_secret": "5a6c9c6b920846decef76ede494bb751a412d73f",
        "is_verified": false,
        "line_number": 1664,
        "is_secret": false
      },
      {
        "type": "Base64 High Entropy String",
        "filename": "website/docs/user-guide/reference-agents/captainagent.mdx",
        "hashed_secret": "d2ec472b9ba140e55361b04fc963ff10e17d0b70",
        "is_verified": false,
        "line_number": 1666,
        "is_secret": false
      }
    ]
  },
  "generated_at": "2025-02-25T12:38:52Z"
}
